Archive member included to satisfy reference by file (symbol)

/opt/riscv32im/lib/gcc/riscv32-unknown-elf/11.1.0/libgcc.a(_udivdi3.o)
                              /tmp/cc9kIXEs.o (__udivdi3)
/opt/riscv32im/lib/gcc/riscv32-unknown-elf/11.1.0/libgcc.a(_umoddi3.o)
                              /tmp/cc9kIXEs.o (__umoddi3)
/opt/riscv32im/lib/gcc/riscv32-unknown-elf/11.1.0/libgcc.a(_clz.o)
                              /opt/riscv32im/lib/gcc/riscv32-unknown-elf/11.1.0/libgcc.a(_udivdi3.o) (__clz_tab)
/opt/riscv32im/lib/gcc/riscv32-unknown-elf/11.1.0/../../../../riscv32-unknown-elf/lib/libc.a(lib_a-abs.o)
                              /tmp/cc9kIXEs.o (abs)

Discarded input sections

 .debug_info    0x0000000000000000      0x761 /opt/riscv32im/lib/gcc/riscv32-unknown-elf/11.1.0/libgcc.a(_udivdi3.o)
 .debug_abbrev  0x0000000000000000      0x1a6 /opt/riscv32im/lib/gcc/riscv32-unknown-elf/11.1.0/libgcc.a(_udivdi3.o)
 .debug_loclists
                0x0000000000000000      0xa99 /opt/riscv32im/lib/gcc/riscv32-unknown-elf/11.1.0/libgcc.a(_udivdi3.o)
 .debug_aranges
                0x0000000000000000       0x20 /opt/riscv32im/lib/gcc/riscv32-unknown-elf/11.1.0/libgcc.a(_udivdi3.o)
 .debug_rnglists
                0x0000000000000000      0x111 /opt/riscv32im/lib/gcc/riscv32-unknown-elf/11.1.0/libgcc.a(_udivdi3.o)
 .debug_line    0x0000000000000000      0x727 /opt/riscv32im/lib/gcc/riscv32-unknown-elf/11.1.0/libgcc.a(_udivdi3.o)
 .debug_str     0x0000000000000000      0x247 /opt/riscv32im/lib/gcc/riscv32-unknown-elf/11.1.0/libgcc.a(_udivdi3.o)
 .debug_line_str
                0x0000000000000000      0x18a /opt/riscv32im/lib/gcc/riscv32-unknown-elf/11.1.0/libgcc.a(_udivdi3.o)
 .debug_info    0x0000000000000000      0x7b5 /opt/riscv32im/lib/gcc/riscv32-unknown-elf/11.1.0/libgcc.a(_umoddi3.o)
 .debug_abbrev  0x0000000000000000      0x1bb /opt/riscv32im/lib/gcc/riscv32-unknown-elf/11.1.0/libgcc.a(_umoddi3.o)
 .debug_loclists
                0x0000000000000000      0x86a /opt/riscv32im/lib/gcc/riscv32-unknown-elf/11.1.0/libgcc.a(_umoddi3.o)
 .debug_aranges
                0x0000000000000000       0x20 /opt/riscv32im/lib/gcc/riscv32-unknown-elf/11.1.0/libgcc.a(_umoddi3.o)
 .debug_rnglists
                0x0000000000000000       0xd1 /opt/riscv32im/lib/gcc/riscv32-unknown-elf/11.1.0/libgcc.a(_umoddi3.o)
 .debug_line    0x0000000000000000      0x7a1 /opt/riscv32im/lib/gcc/riscv32-unknown-elf/11.1.0/libgcc.a(_umoddi3.o)
 .debug_str     0x0000000000000000      0x247 /opt/riscv32im/lib/gcc/riscv32-unknown-elf/11.1.0/libgcc.a(_umoddi3.o)
 .debug_line_str
                0x0000000000000000      0x18a /opt/riscv32im/lib/gcc/riscv32-unknown-elf/11.1.0/libgcc.a(_umoddi3.o)
 .debug_info    0x0000000000000000       0xd8 /opt/riscv32im/lib/gcc/riscv32-unknown-elf/11.1.0/libgcc.a(_clz.o)
 .debug_abbrev  0x0000000000000000       0x70 /opt/riscv32im/lib/gcc/riscv32-unknown-elf/11.1.0/libgcc.a(_clz.o)
 .debug_aranges
                0x0000000000000000       0x18 /opt/riscv32im/lib/gcc/riscv32-unknown-elf/11.1.0/libgcc.a(_clz.o)
 .debug_line    0x0000000000000000       0x3f /opt/riscv32im/lib/gcc/riscv32-unknown-elf/11.1.0/libgcc.a(_clz.o)
 .debug_str     0x0000000000000000      0x194 /opt/riscv32im/lib/gcc/riscv32-unknown-elf/11.1.0/libgcc.a(_clz.o)
 .debug_line_str
                0x0000000000000000      0x18a /opt/riscv32im/lib/gcc/riscv32-unknown-elf/11.1.0/libgcc.a(_clz.o)

Memory Configuration

Name             Origin             Length             Attributes
ram              0x0000000000000000 0x0000000000002000 xrw
*default*        0x0000000000000000 0xffffffffffffffff

Linker script and memory map

                0x0000000000002000                __stacktop = (ORIGIN (ram) + LENGTH (ram))

.memory         0x0000000000000000     0x1020
                0x0000000000000000                . = 0x0
 *(.init)
 .init          0x0000000000000000       0x10 /tmp/ccMo4v9o.o
 *(.text)
 .text          0x0000000000000010        0x0 /tmp/ccMo4v9o.o
 .text          0x0000000000000010      0x498 /tmp/cc9kIXEs.o
                0x0000000000000010                set_reg
                0x0000000000000038                gpio_set_value
                0x000000000000004c                gpio_get_input_value
                0x0000000000000060                gpio_set_direction
                0x0000000000000074                get_cycles
                0x0000000000000098                wait_cycles
                0x00000000000000f0                usleep
                0x0000000000000118                msleep
                0x000000000000013c                sleep
                0x0000000000000158                nanoseconds
                0x000000000000018c                milliseconds
                0x00000000000001bc                seconds
                0x00000000000001e4                putchar
                0x00000000000001f8                print_chr
                0x00000000000001fc                print_str
                0x0000000000000220                print_str_ln
                0x000000000000023c                print_dec
                0x0000000000000290                print_dec64
                0x000000000000033c                print_hex
                0x000000000000037c                setpixel
                0x00000000000003a8                draw_bresenham
 .text          0x00000000000004a8      0x430 /opt/riscv32im/lib/gcc/riscv32-unknown-elf/11.1.0/libgcc.a(_udivdi3.o)
                0x00000000000004a8                __udivdi3
 .text          0x00000000000008d8      0x3e4 /opt/riscv32im/lib/gcc/riscv32-unknown-elf/11.1.0/libgcc.a(_umoddi3.o)
                0x00000000000008d8                __umoddi3
 .text          0x0000000000000cbc        0x0 /opt/riscv32im/lib/gcc/riscv32-unknown-elf/11.1.0/libgcc.a(_clz.o)
 .text          0x0000000000000cbc       0x10 /opt/riscv32im/lib/gcc/riscv32-unknown-elf/11.1.0/../../../../riscv32-unknown-elf/lib/libc.a(lib_a-abs.o)
                0x0000000000000cbc                abs
 *(*)
 .data          0x0000000000000ccc        0x0 /tmp/ccMo4v9o.o
 .bss           0x0000000000000ccc        0x0 /tmp/ccMo4v9o.o
 .riscv.attributes
                0x0000000000000ccc       0x1f /tmp/ccMo4v9o.o
 .rela.init     0x0000000000000ceb        0x0 /tmp/ccMo4v9o.o
 .data          0x0000000000000ceb        0x0 /tmp/cc9kIXEs.o
 .bss           0x0000000000000ceb        0x0 /tmp/cc9kIXEs.o
 *fill*         0x0000000000000ceb        0x1 
 .rodata.str1.4
                0x0000000000000cec       0x31 /tmp/cc9kIXEs.o
 *fill*         0x0000000000000d1d        0x3 
 .text.startup  0x0000000000000d20       0xf0 /tmp/cc9kIXEs.o
                0x0000000000000d20                main
 .comment       0x0000000000000e10       0x12 /tmp/cc9kIXEs.o
                                         0x13 (size before relaxing)
 .riscv.attributes
                0x0000000000000e22       0x21 /tmp/cc9kIXEs.o
 .data          0x0000000000000e43        0x0 /opt/riscv32im/lib/gcc/riscv32-unknown-elf/11.1.0/libgcc.a(_udivdi3.o)
 .bss           0x0000000000000e43        0x0 /opt/riscv32im/lib/gcc/riscv32-unknown-elf/11.1.0/libgcc.a(_udivdi3.o)
 .comment       0x0000000000000e43       0x13 /opt/riscv32im/lib/gcc/riscv32-unknown-elf/11.1.0/libgcc.a(_udivdi3.o)
 *fill*         0x0000000000000e43        0x1 
 .eh_frame      0x0000000000000e44       0x28 /opt/riscv32im/lib/gcc/riscv32-unknown-elf/11.1.0/libgcc.a(_udivdi3.o)
 .riscv.attributes
                0x0000000000000e6c       0x21 /opt/riscv32im/lib/gcc/riscv32-unknown-elf/11.1.0/libgcc.a(_udivdi3.o)
 .data          0x0000000000000e8d        0x0 /opt/riscv32im/lib/gcc/riscv32-unknown-elf/11.1.0/libgcc.a(_umoddi3.o)
 .bss           0x0000000000000e8d        0x0 /opt/riscv32im/lib/gcc/riscv32-unknown-elf/11.1.0/libgcc.a(_umoddi3.o)
 .comment       0x0000000000000e8d       0x13 /opt/riscv32im/lib/gcc/riscv32-unknown-elf/11.1.0/libgcc.a(_umoddi3.o)
 *fill*         0x0000000000000e8d        0x3 
 .eh_frame      0x0000000000000e90       0x28 /opt/riscv32im/lib/gcc/riscv32-unknown-elf/11.1.0/libgcc.a(_umoddi3.o)
 .riscv.attributes
                0x0000000000000eb8       0x21 /opt/riscv32im/lib/gcc/riscv32-unknown-elf/11.1.0/libgcc.a(_umoddi3.o)
 .data          0x0000000000000ed9        0x0 /opt/riscv32im/lib/gcc/riscv32-unknown-elf/11.1.0/libgcc.a(_clz.o)
 .bss           0x0000000000000ed9        0x0 /opt/riscv32im/lib/gcc/riscv32-unknown-elf/11.1.0/libgcc.a(_clz.o)
 *fill*         0x0000000000000ed9        0x3 
 .rodata        0x0000000000000edc      0x100 /opt/riscv32im/lib/gcc/riscv32-unknown-elf/11.1.0/libgcc.a(_clz.o)
                0x0000000000000edc                __clz_tab
 .comment       0x0000000000000fdc       0x13 /opt/riscv32im/lib/gcc/riscv32-unknown-elf/11.1.0/libgcc.a(_clz.o)
 .riscv.attributes
                0x0000000000000fdc       0x21 /opt/riscv32im/lib/gcc/riscv32-unknown-elf/11.1.0/libgcc.a(_clz.o)
 .data          0x0000000000000ffd        0x0 /opt/riscv32im/lib/gcc/riscv32-unknown-elf/11.1.0/../../../../riscv32-unknown-elf/lib/libc.a(lib_a-abs.o)
 .bss           0x0000000000000ffd        0x0 /opt/riscv32im/lib/gcc/riscv32-unknown-elf/11.1.0/../../../../riscv32-unknown-elf/lib/libc.a(lib_a-abs.o)
 .comment       0x0000000000000ffd       0x13 /opt/riscv32im/lib/gcc/riscv32-unknown-elf/11.1.0/../../../../riscv32-unknown-elf/lib/libc.a(lib_a-abs.o)
 .riscv.attributes
                0x0000000000000ffd       0x21 /opt/riscv32im/lib/gcc/riscv32-unknown-elf/11.1.0/../../../../riscv32-unknown-elf/lib/libc.a(lib_a-abs.o)
                0x0000000000001020                . = ALIGN (0x4)
 *fill*         0x000000000000101e        0x2 
                0x0000000000001020                end = .
LOAD /opt/riscv32im/lib/gcc/riscv32-unknown-elf/11.1.0/../../../../riscv32-unknown-elf/lib/libsupc++.a
LOAD /tmp/ccMo4v9o.o
LOAD /tmp/cc9kIXEs.o
LOAD /opt/riscv32im/lib/gcc/riscv32-unknown-elf/11.1.0/../../../../riscv32-unknown-elf/lib/libm.a
LOAD /opt/riscv32im/lib/gcc/riscv32-unknown-elf/11.1.0/libgcc.a
START GROUP
LOAD /opt/riscv32im/lib/gcc/riscv32-unknown-elf/11.1.0/../../../../riscv32-unknown-elf/lib/libc.a
LOAD /opt/riscv32im/lib/gcc/riscv32-unknown-elf/11.1.0/../../../../riscv32-unknown-elf/lib/libgloss.a
END GROUP
LOAD /opt/riscv32im/lib/gcc/riscv32-unknown-elf/11.1.0/libgcc.a
OUTPUT(firmware.elf elf32-littleriscv)

Cross Reference Table

Symbol                                            File
__clz_tab                                         /opt/riscv32im/lib/gcc/riscv32-unknown-elf/11.1.0/libgcc.a(_clz.o)
                                                  /opt/riscv32im/lib/gcc/riscv32-unknown-elf/11.1.0/libgcc.a(_umoddi3.o)
                                                  /opt/riscv32im/lib/gcc/riscv32-unknown-elf/11.1.0/libgcc.a(_udivdi3.o)
__stacktop                                        /tmp/ccMo4v9o.o
__udivdi3                                         /opt/riscv32im/lib/gcc/riscv32-unknown-elf/11.1.0/libgcc.a(_udivdi3.o)
                                                  /tmp/cc9kIXEs.o
__umoddi3                                         /opt/riscv32im/lib/gcc/riscv32-unknown-elf/11.1.0/libgcc.a(_umoddi3.o)
                                                  /tmp/cc9kIXEs.o
abs                                               /opt/riscv32im/lib/gcc/riscv32-unknown-elf/11.1.0/../../../../riscv32-unknown-elf/lib/libc.a(lib_a-abs.o)
                                                  /tmp/cc9kIXEs.o
draw_bresenham                                    /tmp/cc9kIXEs.o
get_cycles                                        /tmp/cc9kIXEs.o
gpio_get_input_value                              /tmp/cc9kIXEs.o
gpio_set_direction                                /tmp/cc9kIXEs.o
gpio_set_value                                    /tmp/cc9kIXEs.o
main                                              /tmp/cc9kIXEs.o
                                                  /tmp/ccMo4v9o.o
milliseconds                                      /tmp/cc9kIXEs.o
msleep                                            /tmp/cc9kIXEs.o
nanoseconds                                       /tmp/cc9kIXEs.o
print_chr                                         /tmp/cc9kIXEs.o
print_dec                                         /tmp/cc9kIXEs.o
print_dec64                                       /tmp/cc9kIXEs.o
print_hex                                         /tmp/cc9kIXEs.o
print_str                                         /tmp/cc9kIXEs.o
print_str_ln                                      /tmp/cc9kIXEs.o
putchar                                           /tmp/cc9kIXEs.o
seconds                                           /tmp/cc9kIXEs.o
set_reg                                           /tmp/cc9kIXEs.o
setpixel                                          /tmp/cc9kIXEs.o
sleep                                             /tmp/cc9kIXEs.o
usleep                                            /tmp/cc9kIXEs.o
wait_cycles                                       /tmp/cc9kIXEs.o
