Archive member included to satisfy reference by file (symbol)

/opt/riscv32im/lib/gcc/riscv32-unknown-elf/11.1.0/libgcc.a(_udivdi3.o)
                              kernelboot.o (__udivdi3)
/opt/riscv32im/lib/gcc/riscv32-unknown-elf/11.1.0/libgcc.a(_umoddi3.o)
                              kernelboot.o (__umoddi3)
/opt/riscv32im/lib/gcc/riscv32-unknown-elf/11.1.0/libgcc.a(_clz.o)
                              /opt/riscv32im/lib/gcc/riscv32-unknown-elf/11.1.0/libgcc.a(_udivdi3.o) (__clz_tab)

Discarded input sections

 .debug_info    0x0000000000000000      0x761 /opt/riscv32im/lib/gcc/riscv32-unknown-elf/11.1.0/libgcc.a(_udivdi3.o)
 .debug_abbrev  0x0000000000000000      0x1a6 /opt/riscv32im/lib/gcc/riscv32-unknown-elf/11.1.0/libgcc.a(_udivdi3.o)
 .debug_loclists
                0x0000000000000000      0xa99 /opt/riscv32im/lib/gcc/riscv32-unknown-elf/11.1.0/libgcc.a(_udivdi3.o)
 .debug_aranges
                0x0000000000000000       0x20 /opt/riscv32im/lib/gcc/riscv32-unknown-elf/11.1.0/libgcc.a(_udivdi3.o)
 .debug_rnglists
                0x0000000000000000      0x111 /opt/riscv32im/lib/gcc/riscv32-unknown-elf/11.1.0/libgcc.a(_udivdi3.o)
 .debug_line    0x0000000000000000      0x727 /opt/riscv32im/lib/gcc/riscv32-unknown-elf/11.1.0/libgcc.a(_udivdi3.o)
 .debug_str     0x0000000000000000      0x247 /opt/riscv32im/lib/gcc/riscv32-unknown-elf/11.1.0/libgcc.a(_udivdi3.o)
 .debug_line_str
                0x0000000000000000      0x18a /opt/riscv32im/lib/gcc/riscv32-unknown-elf/11.1.0/libgcc.a(_udivdi3.o)
 .debug_info    0x0000000000000000      0x7b5 /opt/riscv32im/lib/gcc/riscv32-unknown-elf/11.1.0/libgcc.a(_umoddi3.o)
 .debug_abbrev  0x0000000000000000      0x1bb /opt/riscv32im/lib/gcc/riscv32-unknown-elf/11.1.0/libgcc.a(_umoddi3.o)
 .debug_loclists
                0x0000000000000000      0x86a /opt/riscv32im/lib/gcc/riscv32-unknown-elf/11.1.0/libgcc.a(_umoddi3.o)
 .debug_aranges
                0x0000000000000000       0x20 /opt/riscv32im/lib/gcc/riscv32-unknown-elf/11.1.0/libgcc.a(_umoddi3.o)
 .debug_rnglists
                0x0000000000000000       0xd1 /opt/riscv32im/lib/gcc/riscv32-unknown-elf/11.1.0/libgcc.a(_umoddi3.o)
 .debug_line    0x0000000000000000      0x7a1 /opt/riscv32im/lib/gcc/riscv32-unknown-elf/11.1.0/libgcc.a(_umoddi3.o)
 .debug_str     0x0000000000000000      0x247 /opt/riscv32im/lib/gcc/riscv32-unknown-elf/11.1.0/libgcc.a(_umoddi3.o)
 .debug_line_str
                0x0000000000000000      0x18a /opt/riscv32im/lib/gcc/riscv32-unknown-elf/11.1.0/libgcc.a(_umoddi3.o)
 .debug_info    0x0000000000000000       0xd8 /opt/riscv32im/lib/gcc/riscv32-unknown-elf/11.1.0/libgcc.a(_clz.o)
 .debug_abbrev  0x0000000000000000       0x70 /opt/riscv32im/lib/gcc/riscv32-unknown-elf/11.1.0/libgcc.a(_clz.o)
 .debug_aranges
                0x0000000000000000       0x18 /opt/riscv32im/lib/gcc/riscv32-unknown-elf/11.1.0/libgcc.a(_clz.o)
 .debug_line    0x0000000000000000       0x3f /opt/riscv32im/lib/gcc/riscv32-unknown-elf/11.1.0/libgcc.a(_clz.o)
 .debug_str     0x0000000000000000      0x194 /opt/riscv32im/lib/gcc/riscv32-unknown-elf/11.1.0/libgcc.a(_clz.o)
 .debug_line_str
                0x0000000000000000      0x18a /opt/riscv32im/lib/gcc/riscv32-unknown-elf/11.1.0/libgcc.a(_clz.o)

Memory Configuration

Name             Origin             Length             Attributes
FLASH            0x0000000020100000 0x0000000010000000 xr
BRAM             0x0000000000000000 0x0000000000010000 xrw
*default*        0x0000000000000000 0xffffffffffffffff

Linker script and memory map

TARGET(elf32-littleriscv)
LOAD crt0.o
LOAD kernelboot.o
LOAD /opt/riscv32im/lib/gcc/riscv32-unknown-elf/11.1.0/../../../../riscv32-unknown-elf/lib/libc.a
LOAD /opt/riscv32im/lib/gcc/riscv32-unknown-elf/11.1.0/../../../../riscv32-unknown-elf/lib/libm.a
LOAD /opt/riscv32im/lib/gcc/riscv32-unknown-elf/11.1.0/libgcc.a
LOAD /opt/riscv32im/lib/gcc/riscv32-unknown-elf/11.1.0/libgcc.a
START GROUP
LOAD /opt/riscv32im/lib/gcc/riscv32-unknown-elf/11.1.0/../../../../riscv32-unknown-elf/lib/libc.a
LOAD /opt/riscv32im/lib/gcc/riscv32-unknown-elf/11.1.0/../../../../riscv32-unknown-elf/lib/libgloss.a
END GROUP
LOAD /opt/riscv32im/lib/gcc/riscv32-unknown-elf/11.1.0/libgcc.a
                0x0000000000010000                __stacktop = (ORIGIN (BRAM) + LENGTH (BRAM))

.misc           0x0000000020100000      0x150
                0x0000000020100000                . = ALIGN (0x4)
 crt0.o(.text)
 .text          0x0000000020100000      0x100 crt0.o
                0x0000000020100100                . = ALIGN (0x4)
 *(.eh_frame)
 .eh_frame      0x0000000020100100       0x28 /opt/riscv32im/lib/gcc/riscv32-unknown-elf/11.1.0/libgcc.a(_udivdi3.o)
 .eh_frame      0x0000000020100128       0x28 /opt/riscv32im/lib/gcc/riscv32-unknown-elf/11.1.0/libgcc.a(_umoddi3.o)
 *(.eh_frame_hdr)
 *(.init_array)
 *(.gcc_except_table*)

.rela.dyn       0x0000000020100150        0x0
 .rela.text     0x0000000020100150        0x0 crt0.o

.text           0x0000000020100150        0x0
                0x0000000020100150                . = ALIGN (0x4)
                0x0000000020100150                . = ALIGN (0x4)
                0x0000000020100150                _etext = .
                0x0000000020100150                _sidata = _etext

.data           0x0000000000000000     0x1328 load address 0x0000000020100150
                0x0000000000000000                . = ALIGN (0x4)
                0x0000000000000000                _sdata = .
                0x0000000000000000                _ram_start = .
 *(.text)
 .text          0x0000000000000000      0x7e8 kernelboot.o
                0x0000000000000000                get_cycles
                0x0000000000000024                wait_cycles
                0x0000000000000084                usleep
                0x00000000000000b0                msleep
                0x00000000000000d8                sleep
                0x00000000000000f8                nanoseconds
                0x0000000000000134                milliseconds
                0x000000000000016c                seconds
                0x000000000000019c                putchar
                0x00000000000001c4                print_chr
                0x00000000000001cc                print_char
                0x00000000000001d4                print_str
                0x0000000000000224                print_str_ln
                0x0000000000000248                print_dec
                0x00000000000002a0                print_dec64
                0x0000000000000358                print_hex
                0x000000000000039c                printf
                0x000000000000057c                malloc
                0x00000000000005ac                memcpy
                0x00000000000005d0                strcpy
                0x0000000000000668                strcmp
                0x0000000000000754                generate_crc32_table
                0x00000000000007a0                crc32
 .text          0x00000000000007e8      0x430 /opt/riscv32im/lib/gcc/riscv32-unknown-elf/11.1.0/libgcc.a(_udivdi3.o)
                0x00000000000007e8                __udivdi3
 .text          0x0000000000000c18      0x3e4 /opt/riscv32im/lib/gcc/riscv32-unknown-elf/11.1.0/libgcc.a(_umoddi3.o)
                0x0000000000000c18                __umoddi3
 .text          0x0000000000000ffc        0x0 /opt/riscv32im/lib/gcc/riscv32-unknown-elf/11.1.0/libgcc.a(_clz.o)
 *(.text*)
 .text.startup  0x0000000000000ffc      0x138 kernelboot.o
                0x0000000000000ffc                main
                0x0000000000001134                . = ALIGN (0x4)
 *(.data)
 .data          0x0000000000001134        0x0 crt0.o
 .data          0x0000000000001134        0x0 kernelboot.o
 .data          0x0000000000001134        0x0 /opt/riscv32im/lib/gcc/riscv32-unknown-elf/11.1.0/libgcc.a(_udivdi3.o)
 .data          0x0000000000001134        0x0 /opt/riscv32im/lib/gcc/riscv32-unknown-elf/11.1.0/libgcc.a(_umoddi3.o)
 .data          0x0000000000001134        0x0 /opt/riscv32im/lib/gcc/riscv32-unknown-elf/11.1.0/libgcc.a(_clz.o)
 *(.data*)
 *(.sdata)
 *(.sdata*)
                0x0000000000001134                . = ALIGN (0x4)
 *(.rodata)
 .rodata        0x0000000000001134      0x100 /opt/riscv32im/lib/gcc/riscv32-unknown-elf/11.1.0/libgcc.a(_clz.o)
                0x0000000000001134                __clz_tab
 *(.rodata*)
 .rodata.str1.4
                0x0000000000001234       0xf3 kernelboot.o
 *(.srodata)
 *(.srodata*)
                0x0000000000001328                . = ALIGN (0x4)
 *fill*         0x0000000000001327        0x1 
                0x0000000000001328                _edata = .

.bss            0x0000000000001328      0x804 load address 0x0000000020101478
                0x0000000000001328                . = ALIGN (0x4)
                0x0000000000001328                _sbss = .
 *(.bss)
 .bss           0x0000000000001328        0x0 crt0.o
 .bss           0x0000000000001328      0x800 kernelboot.o
                0x0000000000001328                heap_memory
                0x0000000000001728                crc32_table
 .bss           0x0000000000001b28        0x0 /opt/riscv32im/lib/gcc/riscv32-unknown-elf/11.1.0/libgcc.a(_udivdi3.o)
 .bss           0x0000000000001b28        0x0 /opt/riscv32im/lib/gcc/riscv32-unknown-elf/11.1.0/libgcc.a(_umoddi3.o)
 .bss           0x0000000000001b28        0x0 /opt/riscv32im/lib/gcc/riscv32-unknown-elf/11.1.0/libgcc.a(_clz.o)
 *(.bss*)
 *(.sbss)
 .sbss          0x0000000000001b28        0x4 kernelboot.o
                0x0000000000001b28                heap_memory_used
 *(.sbss*)
 *(COMMON)
                0x0000000000001b2c                . = ALIGN (0x4)
                0x0000000000001b2c                _ebss = .

.heap           0x0000000000001b2c        0x0
                0x0000000000001b2c                . = ALIGN (0x4)
                0x0000000000001b2c                _heap_start = .
                0x0000000000001b2c                _end = .
OUTPUT(firmware.elf elf32-littleriscv)

.riscv.attributes
                0x0000000000000000       0x26
 .riscv.attributes
                0x0000000000000000       0x24 crt0.o
 .riscv.attributes
                0x0000000000000024       0x26 kernelboot.o
 .riscv.attributes
                0x000000000000004a       0x21 /opt/riscv32im/lib/gcc/riscv32-unknown-elf/11.1.0/libgcc.a(_udivdi3.o)
 .riscv.attributes
                0x000000000000006b       0x21 /opt/riscv32im/lib/gcc/riscv32-unknown-elf/11.1.0/libgcc.a(_umoddi3.o)
 .riscv.attributes
                0x000000000000008c       0x21 /opt/riscv32im/lib/gcc/riscv32-unknown-elf/11.1.0/libgcc.a(_clz.o)

.comment        0x0000000000000000       0x12
 .comment       0x0000000000000000       0x12 kernelboot.o
                                         0x13 (size before relaxing)
 .comment       0x0000000000000012       0x13 /opt/riscv32im/lib/gcc/riscv32-unknown-elf/11.1.0/libgcc.a(_udivdi3.o)
 .comment       0x0000000000000012       0x13 /opt/riscv32im/lib/gcc/riscv32-unknown-elf/11.1.0/libgcc.a(_umoddi3.o)
 .comment       0x0000000000000012       0x13 /opt/riscv32im/lib/gcc/riscv32-unknown-elf/11.1.0/libgcc.a(_clz.o)
